<?xml version="1.0" encoding="UTF-8"?>
<testsuites name="jest tests" tests="6" failures="0" errors="0" time="1.246">
  <testsuite name="Profile Service" errors="0" failures="0" skipped="0" timestamp="2022-10-02T10:03:54" time="1.051" tests="6">
    <testcase classname="Profile Service Get User Profile Should return a user profile for a given ID" name="Profile Service Get User Profile Should return a user profile for a given ID" time="0.012">
    </testcase>
    <testcase classname="Profile Service Get User Profile Should return 404 when a user profile does not exist" name="Profile Service Get User Profile Should return 404 when a user profile does not exist" time="0.001">
    </testcase>
    <testcase classname="Profile Service Update User Profile Should Update a user profile for a given ID" name="Profile Service Update User Profile Should Update a user profile for a given ID" time="0.002">
    </testcase>
    <testcase classname="Profile Service Update User Profile Should return 404 when a user profile does not exist" name="Profile Service Update User Profile Should return 404 when a user profile does not exist" time="0.001">
    </testcase>
    <testcase classname="Profile Service Delete User Profile Should Delete a user profile for a given ID" name="Profile Service Delete User Profile Should Delete a user profile for a given ID" time="0.002">
    </testcase>
    <testcase classname="Profile Service Delete User Profile Should return 404 when a user profile does not exist" name="Profile Service Delete User Profile Should return 404 when a user profile does not exist" time="0.003">
    </testcase>
  </testsuite>
</testsuites>